Installing: tmux, asciinema
Detected system: {'os': 'debian-based', 'package_manager': 'apt-get', 'update_command': None}
Installing tools using apt-get: DEBIAN_FRONTEND=noninteractive apt-get update && DEBIAN_FRONTEND=noninteractive apt-get install -y tmux asciinema
Starting recording.
Sending keys: ['asciinema rec --stdin /logs/agent/recording.cast', 'Enter'] min_timeout_sec: 1.0 max_timeout_sec: 180.0
Sending keys: ['clear', 'Enter'] min_timeout_sec: 0.0 max_timeout_sec: 180.0
Sending keys: ['cd /app\n'] min_timeout_sec: 0.1 max_timeout_sec: 180.0
Sending keys: ['ls -la\n'] min_timeout_sec: 0.1 max_timeout_sec: 180.0
Sending keys: ['uv --version\n'] min_timeout_sec: 0.5 max_timeout_sec: 180.0
Sending keys: ["uv build --help | sed -n '1,200p'\n"] min_timeout_sec: 1.0 max_timeout_sec: 180.0
Sending keys: ['rm -rf /app/mathutils\n'] min_timeout_sec: 0.1 max_timeout_sec: 180.0
Sending keys: ['mkdir -p /app/mathutils/src/mathutils\n'] min_timeout_sec: 0.1 max_timeout_sec: 180.0
Sending keys: ['cat > /app/mathutils/src/mathutils/__init__.py <<\'EOF\'\n"""mathutils package."""\n\nfrom .core import add\n\n__all__ = ["add"]\nEOF\n'] min_timeout_sec: 0.1 max_timeout_sec: 180.0
Sending keys: ['cat > /app/mathutils/src/mathutils/core.py <<\'EOF\'\n"""Core math utilities."""\n\n\ndef add(a, b):\n    """Add two numbers together."""\n    return a + b\nEOF\n'] min_timeout_sec: 0.1 max_timeout_sec: 180.0
Sending keys: ['cat > /app/mathutils/pyproject.toml <<\'EOF\'\n[project]\nname = "mathutils"\nversion = "0.1.0"\ndescription = "Tiny math utilities"\nreadme = "README.md"\nrequires-python = ">=3.9"\n\n[build-system]\nrequires = ["uv-build"]\nbuild-backend = "uv_build"\nEOF\n'] min_timeout_sec: 0.1 max_timeout_sec: 180.0
Sending keys: ["cat > /app/mathutils/README.md <<'EOF'\n# mathutils\n\nA tiny example package.\nEOF\n"] min_timeout_sec: 0.1 max_timeout_sec: 180.0
Sending keys: ['cd /app/mathutils\n'] min_timeout_sec: 0.1 max_timeout_sec: 180.0
Sending keys: ['uv venv\n'] min_timeout_sec: 2.0 max_timeout_sec: 180.0
Sending keys: ['uv build\n'] min_timeout_sec: 5.0 max_timeout_sec: 180.0
Sending keys: ['uv pip install --python .venv/bin/python --editable .\n'] min_timeout_sec: 5.0 max_timeout_sec: 180.0
Sending keys: ['.venv/bin/python -c "import mathutils; print(mathutils.add(2, 3))"\n'] min_timeout_sec: 0.5 max_timeout_sec: 180.0
Sending keys: ['python -c "import pathlib; p=pathlib.Path(\'src/mathutils/core.py\'); txt=p.read_text(); p.write_text(txt.replace(\'return a + b\',\'return a + b + 100\')); print(\'updated core.py\')"\n'] min_timeout_sec: 0.5 max_timeout_sec: 180.0
Sending keys: ['.venv/bin/python -c "import mathutils; print(mathutils.add(2, 3))"\n'] min_timeout_sec: 0.5 max_timeout_sec: 180.0
Trajectory dumped to /tmp/harbor-runs/job-1769175501-issue-6-resuls-check-add-75ff97-uv-pep732-large-attempt-1/75ff97-uv-pep732-editable__St5wRmA/agent/trajectory.json
Trajectory dumped to /tmp/harbor-runs/job-1769175501-issue-6-resuls-check-add-75ff97-uv-pep732-large-attempt-1/75ff97-uv-pep732-editable__St5wRmA/agent/trajectory.json
Trajectory dumped to /tmp/harbor-runs/job-1769175501-issue-6-resuls-check-add-75ff97-uv-pep732-large-attempt-1/75ff97-uv-pep732-editable__St5wRmA/agent/trajectory.json
Trajectory dumped to /tmp/harbor-runs/job-1769175501-issue-6-resuls-check-add-75ff97-uv-pep732-large-attempt-1/75ff97-uv-pep732-editable__St5wRmA/agent/trajectory.json
