Both tmux and asciinema are already installed
Starting recording.
Sending keys: ['asciinema rec --stdin /logs/agent/recording.cast', 'Enter'] min_timeout_sec: 1.0 max_timeout_sec: 180.0
Sending keys: ['clear', 'Enter'] min_timeout_sec: 0.0 max_timeout_sec: 180.0
Parser warnings: - Extra text detected after JSON object
Sending keys: ['ls -la\n'] min_timeout_sec: 0.1 max_timeout_sec: 180.0
Sending keys: ['ls -la src\n'] min_timeout_sec: 0.1 max_timeout_sec: 180.0
Sending keys: ['ls -la src/tonic/src/service\n'] min_timeout_sec: 0.1 max_timeout_sec: 180.0
Sending keys: ["sed -n '1,200p' src/tonic/src/service/mod.rs\n"] min_timeout_sec: 0.1 max_timeout_sec: 180.0
Sending keys: ['ls -la src/tonic/src/service\n'] min_timeout_sec: 0.1 max_timeout_sec: 180.0
Trajectory dumped to /tmp/harbor-runs/job-1771356833-issue-1250-resuls-check-task-ebbdf1-rust-anc-large-attempt-1/ebbdf1-rust-ancillary-metadata-v__oMhiiw8/agent/trajectory.json
Sending keys: ["sed -n '1,220p' src/tonic/src/service/interceptor.rs\n"] min_timeout_sec: 0.1 max_timeout_sec: 180.0
Sending keys: ["sed -n '220,520p' src/tonic/src/service/interceptor.rs\n"] min_timeout_sec: 0.1 max_timeout_sec: 180.0
Sending keys: ["sed -n '1,260p' src/tonic/src/service/recover_error.rs\n"] min_timeout_sec: 0.1 max_timeout_sec: 180.0
Trajectory dumped to /tmp/harbor-runs/job-1771356833-issue-1250-resuls-check-task-ebbdf1-rust-anc-large-attempt-1/ebbdf1-rust-ancillary-metadata-v__oMhiiw8/agent/trajectory.json
Sending keys: ['rg -n "pub type MetadataMap|struct MetadataMap|MetadataMap" src/tonic/src | head\n'] min_timeout_sec: 1.0 max_timeout_sec: 180.0
Sending keys: ['ls -la src/tonic/src/metadata\n'] min_timeout_sec: 0.1 max_timeout_sec: 180.0
Sending keys: ["sed -n '1,220p' src/tonic/src/metadata/mod.rs\n"] min_timeout_sec: 0.1 max_timeout_sec: 180.0
Sending keys: ['rg -n "into_http" src/tonic/src/service src/tonic/src | head -n 50\n'] min_timeout_sec: 1.0 max_timeout_sec: 180.0
Trajectory dumped to /tmp/harbor-runs/job-1771356833-issue-1250-resuls-check-task-ebbdf1-rust-anc-large-attempt-1/ebbdf1-rust-ancillary-metadata-v__oMhiiw8/agent/trajectory.json
Sending keys: ['grep -n "impl MetadataMap" -n src/tonic/src/metadata/map.rs | head\n'] min_timeout_sec: 1.0 max_timeout_sec: 180.0
Sending keys: ["sed -n '1,120p' src/tonic/src/metadata/map.rs\n"] min_timeout_sec: 0.1 max_timeout_sec: 180.0
Sending keys: ["sed -n '120,260p' src/tonic/src/metadata/map.rs\n"] min_timeout_sec: 0.1 max_timeout_sec: 180.0
Sending keys: ['grep -R -n "pub struct Request" src/tonic/src | head\n'] min_timeout_sec: 1.0 max_timeout_sec: 180.0
Sending keys: ["sed -n '1,220p' src/tonic/src/request.rs\n"] min_timeout_sec: 0.1 max_timeout_sec: 180.0
Sending keys: ['grep -R -n "fn into_http" src/tonic/src | head -n 50\n'] min_timeout_sec: 1.0 max_timeout_sec: 180.0
Trajectory dumped to /tmp/harbor-runs/job-1771356833-issue-1250-resuls-check-task-ebbdf1-rust-anc-large-attempt-1/ebbdf1-rust-ancillary-metadata-v__oMhiiw8/agent/trajectory.json
Sending keys: ['grep -n "from_headers" -n src/tonic/src/metadata/map.rs | head -n 50\n'] min_timeout_sec: 1.0 max_timeout_sec: 180.0
Sending keys: ["sed -n '260,420p' src/tonic/src/metadata/map.rs\n"] min_timeout_sec: 0.1 max_timeout_sec: 180.0
Sending keys: ["sed -n '420,620p' src/tonic/src/metadata/map.rs\n"] min_timeout_sec: 0.1 max_timeout_sec: 180.0
Sending keys: ['grep -n "pub fn (get|contains_key|iter|keys|len)" src/tonic/src/metadata/map.rs | head -n 50\n'] min_timeout_sec: 1.0 max_timeout_sec: 180.0
Sending keys: ["sed -n '620,820p' src/tonic/src/metadata/map.rs\n"] min_timeout_sec: 0.1 max_timeout_sec: 180.0
Sending keys: ["sed -n '580,700p' src/tonic/src/status.rs\n"] min_timeout_sec: 0.1 max_timeout_sec: 180.0
Trajectory dumped to /tmp/harbor-runs/job-1771356833-issue-1250-resuls-check-task-ebbdf1-rust-anc-large-attempt-1/ebbdf1-rust-ancillary-metadata-v__oMhiiw8/agent/trajectory.json
Sending keys: ['grep -n "pub fn contains_key" -n src/tonic/src/metadata/map.rs | head -n 20\n'] min_timeout_sec: 1.0 max_timeout_sec: 180.0
Sending keys: ['grep -n "pub fn get\\(" -n src/tonic/src/metadata/map.rs | head -n 20\n'] min_timeout_sec: 1.0 max_timeout_sec: 180.0
Sending keys: ["sed -n '820,980p' src/tonic/src/metadata/map.rs\n"] min_timeout_sec: 0.1 max_timeout_sec: 180.0
Sending keys: ['cat > src/tonic/src/service/metadata_validator.rs <<\'EOF\'\n//! Middleware for validating incoming request metadata.\n\nuse crate::metadata::MetadataMap;\nuse crate::Status;\n\nuse pin_project::pin_project;\nuse std::fmt;\nuse std::future::Future;\nuse std::pin::Pin;\nuse std::task::{ready, Context, Poll};\nuse tower_layer::Layer;\nuse tower_service::Service;\n\n/// Validates incoming request metadata.\npub trait MetadataValidator {\n    /// Validate a request\'s metadata.\n    fn validate(&self, metadata: &MetadataMap) -> Result<(), Status>;\n}\n\n#[derive(Debug)]\nenum Rule {\n    RequireHeader { name: String },\n    MaxHeaderSize { limit: usize },\n    HeaderPrefix { name: String, prefix: String },\n    MaxTotalHeaders { max: usize },\n}\n\n#[derive(Debug, Default)]\nstruct Validator {\n    rules: Vec<Rule>,\n}\n\nimpl MetadataValidator for Validator {\n    fn validate(&self, metadata: &MetadataMap) -> Result<(), Status> {\n        for rule in self.rules.iter() {\n            match rule {\n                Rule::RequireHeader { name } => {\n                    if !metadata.contains_key(name.as_str()) {\n                        return Err(Status::failed_precondition("required metadata missing"));\n                    }\n                }\n                Rule::MaxHeaderSize { limit } => {\n                    let headers = metadata.as_ref();\n                    for (name, value) in headers.iter() {\n                        let mut size = name.as_str().len();\n                        size += value.as_bytes().len();\n                        if size > *limit {\n                            return Err(Status::invalid_argument("metadata header too large"));\n                        }\n                    }\n                }\n                Rule::HeaderPrefix { name, prefix } => {\n                    match metadata.get(name.as_str()) {\n                        Some(value) => match value.to_str() {\n                            Ok(s) => {\n                                if !s.starts_with(prefix.as_str()) {\n                                    return Err(Status::invalid_argument(\n                                        "metadata header does not match prefix",\n                                    ));\n                                }\n                            }\n                            Err(_) => {\n                                return Err(Status::invalid_argument("metadata header not ascii"));\n                            }\n                        },\n                        None => {\n                            return Err(Status::invalid_argument("metadata header missing"));\n                        }\n                    }\n                }\n                Rule::MaxTotalHeaders { max } => {\n                    if metadata.len() > *max {\n                        return Err(Status::resource_exhausted("too many metadata headers"));\n                    }\n                }\n            }\n        }\n\n        Ok(())\n    }\n}\n\n/// Builder for composing metadata validation rules.\n#[derive(Debug, Default)]\npub struct ValidatorBuilder {\n    rules: Vec<Rule>,\n}\n\nimpl ValidatorBuilder {\n    /// Create a new builder.\n    pub fn new() -> Self {\n        Self { rules: Vec::new() }\n    }\n\n    /// Require the presence of a metadata header.\n    pub fn require_header(mut self, name: impl Into<String>) -> Self {\n        self.rules.push(Rule::RequireHeader { name: name.into() });\n        self\n    }\n\n    /// Enforce a maximum per-header size (name + value) in bytes.\n    pub fn max_header_size(mut self, limit: usize) -> Self {\n        self.rules.push(Rule::MaxHeaderSize { limit });\n        self\n    }\n\n    /// Require a header value to start with the given prefix.\n    pub fn header_prefix(mut self, name: impl Into<String>, prefix: impl Into<String>) -> Self {\n        self.rules.push(Rule::HeaderPrefix {\n            name: name.into(),\n            prefix: prefix.into(),\n        });\n        self\n    }\n\n    /// Limit the total number of metadata header entries.\n    pub fn max_total_headers(mut self, max: usize) -> Self {\n        self.rules.push(Rule::MaxTotalHeaders { max });\n        self\n    }\n\n    /// Build the validator.\n    pub fn build(self) -> impl MetadataValidator {\n        Validator { rules: self.rules }\n    }\n}\n\n/// A layer which validates request metadata before forwarding the request.\n#[derive(Debug, Clone, Copy)]\npub struct MetadataValidatorLayer<\'a, V> {\n    validator: &\'a V,\n}\n\nimpl<\'a, V> MetadataValidatorLayer<\'a, V> {\n    /// Create a new `MetadataValidatorLayer`.\n    pub const fn new(validator: &\'a V) -> Self {\n        Self { validator }\n    }\n}\n\nimpl<\'a, S, V> Layer<S> for MetadataValidatorLayer<\'a, V>\nwhere\n    V: MetadataValidator,\n{\n    type Service = MetadataValidatedService<\'a, S, V>;\n\n    fn layer(&self, inner: S) -> Self::Service {\n        MetadataValidatedService {\n            inner,\n            validator: self.validator,\n        }\n    }\n}\n\n/// A service which validates request metadata.\n#[derive(Clone, Copy)]\npub struct MetadataValidatedService<\'a, S, V> {\n    inner: S,\n    validator: &\'a V,\n}\n\nimpl<\'a, S, V> fmt::Debug for MetadataValidatedService<\'a, S, V>\nwhere\n    S: fmt::Debug,\n{\n    fn fmt(&self, f: &mut fmt::Formatter<\'_>) -> fmt::Result {\n        f.debug_struct("MetadataValidatedService")\n            .field("inner", &self.inner)\n            .field("validator", &format_args!("{}", std::any::type_name::<V>()))\n            .finish()\n    }\n}\n\nimpl<\'a, S, V, ReqBody, ResBody> Service<http::Request<ReqBody>>\n    for MetadataValidatedService<\'a, S, V>\nwhere\n    S: Service<http::Request<ReqBody>, Response = http::Response<ResBody>>,\n    V: MetadataValidator,\n{\n    type Response = http::Response<ResponseBody<ResBody>>;\n    type Error = S::Error;\n    type Future = ResponseFuture<S::Future, S::Error, ResBody>;\n\n    fn poll_ready(&mut self, cx: &mut Context<\'_>) -> Poll<Result<(), Self::Error>> {\n        self.inner.poll_ready(cx)\n    }\n\n    fn call(&mut self, req: http::Request<ReqBody>) -> Self::Future {\n        let (mut parts, body) = req.into_parts();\n        let headers = std::mem::take(&mut parts.headers);\n        let metadata = MetadataMap::from_headers(headers);\n\n        match self.validator.validate(&metadata) {\n            Ok(()) => {\n                parts.headers = metadata.into_headers();\n                let req = http::Request::from_parts(parts, body);\n                ResponseFuture::Inner {\n                    inner: self.inner.call(req),\n                }\n            }\n            Err(status) => {\n                let (parts, ()) = status.into_http::<()>().into_parts();\n                let res = http::Response::from_parts(parts, ResponseBody::empty());\n                ResponseFuture::Ready {\n                    inner: std::future::ready(Ok(res)),\n                }\n            }\n        }\n    }\n}\n\n/// Response body used by the metadata validator middleware.\n#[pin_project]\npub struct ResponseBody<B> {\n    #[pin]\n    inner: Option<B>,\n}\n\nimpl<B> ResponseBody<B> {\n    fn full(inner: B) -> Self {\n        Self { inner: Some(inner) }\n    }\n\n    const fn empty() -> Self {\n        Self { inner: None }\n    }\n}\n\nimpl<B> fmt::Debug for ResponseBody<B> {\n    fn fmt(&self, f: &mut fmt::Formatter<\'_>) -> fmt::Result {\n        f.debug_struct("ResponseBody").finish()\n    }\n}\n\nimpl<B> http_body::Body for ResponseBody<B>\nwhere\n    B: http_body::Body,\n{\n    type Data = B::Data;\n    type Error = B::Error;\n\n    fn poll_frame(\n        self: Pin<&mut Self>,\n        cx: &mut Context<\'_>,\n    ) -> Poll<Option<Result<http_body::Frame<Self::Data>, Self::Error>>> {\n        match self.project().inner.as_pin_mut() {\n            Some(b) => b.poll_frame(cx),\n            None => Poll::Ready(None),\n        }\n    }\n\n    fn is_end_stream(&self) -> bool {\n        match &self.inner {\n            Some(b) => b.is_end_stream(),\n            None => true,\n        }\n    }\n\n    fn size_hint(&self) -> http_body::SizeHint {\n        match &self.inner {\n            Some(b) => b.size_hint(),\n            None => http_body::SizeHint::with_exact(0),\n        }\n    }\n}\n\n/// Response future for [`MetadataValidatedService`].\n#[pin_project(project = ResponseFutureProj)]\npub enum ResponseFuture<F, E, B> {\n    /// The wrapped service\'s response future.\n    Inner {\n        #[pin]\n        inner: F,\n    },\n\n    /// An immediate response future.\n    Ready {\n        #[pin]\n        inner: std::future::Ready<Result<http::Response<ResponseBody<B>>, E>>,\n    },\n}\n\nimpl<F, E, B> fmt::Debug for ResponseFuture<F, E, B> {\n    fn fmt(&self, f: &mut fmt::Formatter<\'_>) -> fmt::Result {\n        f.debug_struct("ResponseFuture").finish()\n    }\n}\n\nimpl<F, E, ResBody> Future for ResponseFuture<F, E, ResBody>\nwhere\n    F: Future<Output = Result<http::Response<ResBody>, E>>,\n{\n    type Output = Result<http::Response<ResponseBody<ResBody>>, E>;\n\n    fn poll(self: Pin<&mut Self>, cx: &mut Context<\'_>) -> Poll<Self::Output> {\n        match self.project() {\n            ResponseFutureProj::Inner { inner } => match ready!(inner.poll(cx)) {\n                Ok(res) => Poll::Ready(Ok(res.map(ResponseBody::full))),\n                Err(err) => Poll::Ready(Err(err)),\n            },\n            ResponseFutureProj::Ready { inner } => inner.poll(cx),\n        }\n    }\n}\nEOF\n'] min_timeout_sec: 1.0 max_timeout_sec: 180.0
Sending keys: ['apply_patch <<\'EOF\'\n*** Begin Patch\n*** Update File: src/tonic/src/service/mod.rs\n@@\n pub mod interceptor;\n+pub mod metadata_validator;\n pub(crate) mod layered;\n #[cfg(feature = "router")]\n pub(crate) mod router;\n@@\n pub use self::interceptor::{Interceptor, InterceptorLayer};\n+pub use self::metadata_validator::{MetadataValidator, MetadataValidatorLayer, ValidatorBuilder};\n pub use self::layered::{LayerExt, Layered};\n*** End Patch\nEOF\n'] min_timeout_sec: 1.0 max_timeout_sec: 180.0
Sending keys: ['cargo test -p tonic --manifest-path src/Cargo.toml\n'] min_timeout_sec: 10.0 max_timeout_sec: 180.0
Trajectory dumped to /tmp/harbor-runs/job-1771356833-issue-1250-resuls-check-task-ebbdf1-rust-anc-large-attempt-1/ebbdf1-rust-ancillary-metadata-v__oMhiiw8/agent/trajectory.json
Sending keys: [''] min_timeout_sec: 20.0 max_timeout_sec: 180.0
Trajectory dumped to /tmp/harbor-runs/job-1771356833-issue-1250-resuls-check-task-ebbdf1-rust-anc-large-attempt-1/ebbdf1-rust-ancillary-metadata-v__oMhiiw8/agent/trajectory.json
Sending keys: [''] min_timeout_sec: 20.0 max_timeout_sec: 180.0
Trajectory dumped to /tmp/harbor-runs/job-1771356833-issue-1250-resuls-check-task-ebbdf1-rust-anc-large-attempt-1/ebbdf1-rust-ancillary-metadata-v__oMhiiw8/agent/trajectory.json
Sending keys: [''] min_timeout_sec: 20.0 max_timeout_sec: 180.0
Trajectory dumped to /tmp/harbor-runs/job-1771356833-issue-1250-resuls-check-task-ebbdf1-rust-anc-large-attempt-1/ebbdf1-rust-ancillary-metadata-v__oMhiiw8/agent/trajectory.json
Sending keys: [''] min_timeout_sec: 20.0 max_timeout_sec: 180.0
Trajectory dumped to /tmp/harbor-runs/job-1771356833-issue-1250-resuls-check-task-ebbdf1-rust-anc-large-attempt-1/ebbdf1-rust-ancillary-metadata-v__oMhiiw8/agent/trajectory.json
Sending keys: [''] min_timeout_sec: 20.0 max_timeout_sec: 180.0
Trajectory dumped to /tmp/harbor-runs/job-1771356833-issue-1250-resuls-check-task-ebbdf1-rust-anc-large-attempt-1/ebbdf1-rust-ancillary-metadata-v__oMhiiw8/agent/trajectory.json
Sending keys: [''] min_timeout_sec: 20.0 max_timeout_sec: 180.0
Trajectory dumped to /tmp/harbor-runs/job-1771356833-issue-1250-resuls-check-task-ebbdf1-rust-anc-large-attempt-1/ebbdf1-rust-ancillary-metadata-v__oMhiiw8/agent/trajectory.json
Sending keys: [''] min_timeout_sec: 20.0 max_timeout_sec: 180.0
Trajectory dumped to /tmp/harbor-runs/job-1771356833-issue-1250-resuls-check-task-ebbdf1-rust-anc-large-attempt-1/ebbdf1-rust-ancillary-metadata-v__oMhiiw8/agent/trajectory.json
Sending keys: [''] min_timeout_sec: 20.0 max_timeout_sec: 180.0
Trajectory dumped to /tmp/harbor-runs/job-1771356833-issue-1250-resuls-check-task-ebbdf1-rust-anc-large-attempt-1/ebbdf1-rust-ancillary-metadata-v__oMhiiw8/agent/trajectory.json
Sending keys: ['cd /app\n'] min_timeout_sec: 0.1 max_timeout_sec: 180.0
Sending keys: ['grep -n "unwrap\\\\(|expect\\\\(" -n src/tonic/src/service/metadata_validator.rs src/tonic/src/service/mod.rs || true\n'] min_timeout_sec: 1.0 max_timeout_sec: 180.0
Sending keys: ['grep -n "\\\\.clone\\\\(" -n src/tonic/src/service/metadata_validator.rs src/tonic/src/service/mod.rs || true\n'] min_timeout_sec: 1.0 max_timeout_sec: 180.0
Sending keys: ['grep -n "if let" -n src/tonic/src/service/metadata_validator.rs src/tonic/src/service/mod.rs || true\n'] min_timeout_sec: 1.0 max_timeout_sec: 180.0
Sending keys: ['grep -n "|.*|" -n src/tonic/src/service/metadata_validator.rs src/tonic/src/service/mod.rs || true\n'] min_timeout_sec: 1.0 max_timeout_sec: 180.0
Sending keys: ['awk \'length($0)>100{print FNR ":" length($0) ":" $0}\' src/tonic/src/service/metadata_validator.rs src/tonic/src/service/mod.rs || true\n'] min_timeout_sec: 1.0 max_timeout_sec: 180.0
Trajectory dumped to /tmp/harbor-runs/job-1771356833-issue-1250-resuls-check-task-ebbdf1-rust-anc-large-attempt-1/ebbdf1-rust-ancillary-metadata-v__oMhiiw8/agent/trajectory.json
Sending keys: ['grep -nF "unwrap(" src/tonic/src/service/metadata_validator.rs src/tonic/src/service/mod.rs || true\n'] min_timeout_sec: 1.0 max_timeout_sec: 180.0
Sending keys: ['grep -nF "expect(" src/tonic/src/service/metadata_validator.rs src/tonic/src/service/mod.rs || true\n'] min_timeout_sec: 1.0 max_timeout_sec: 180.0
Sending keys: ['grep -nF ".clone(" src/tonic/src/service/metadata_validator.rs src/tonic/src/service/mod.rs || true\n'] min_timeout_sec: 1.0 max_timeout_sec: 180.0
Sending keys: ['grep -n "if let" src/tonic/src/service/metadata_validator.rs src/tonic/src/service/mod.rs || true\n'] min_timeout_sec: 1.0 max_timeout_sec: 180.0
Sending keys: ['grep -n "|" src/tonic/src/service/metadata_validator.rs src/tonic/src/service/mod.rs | head -n 50 || true\n'] min_timeout_sec: 1.0 max_timeout_sec: 180.0
Trajectory dumped to /tmp/harbor-runs/job-1771356833-issue-1250-resuls-check-task-ebbdf1-rust-anc-large-attempt-1/ebbdf1-rust-ancillary-metadata-v__oMhiiw8/agent/trajectory.json
Trajectory dumped to /tmp/harbor-runs/job-1771356833-issue-1250-resuls-check-task-ebbdf1-rust-anc-large-attempt-1/ebbdf1-rust-ancillary-metadata-v__oMhiiw8/agent/trajectory.json
