Installing: tmux, asciinema
Detected system: {'os': 'debian-based', 'package_manager': 'apt-get', 'update_command': None}
Installing tools using apt-get: DEBIAN_FRONTEND=noninteractive apt-get update && DEBIAN_FRONTEND=noninteractive apt-get install -y tmux asciinema
Starting recording.
Sending keys: ['asciinema rec --stdin /logs/agent/recording.cast', 'Enter'] min_timeout_sec: 1.0 max_timeout_sec: 180.0
Sending keys: ['clear', 'Enter'] min_timeout_sec: 0.0 max_timeout_sec: 180.0
Sending keys: ['cd /app\n'] min_timeout_sec: 0.1 max_timeout_sec: 180.0
Sending keys: ['uv --version\n'] min_timeout_sec: 0.5 max_timeout_sec: 180.0
Sending keys: ['rm -rf mathutils\n'] min_timeout_sec: 0.1 max_timeout_sec: 180.0
Sending keys: ['mkdir -p mathutils/src/mathutils\n'] min_timeout_sec: 0.1 max_timeout_sec: 180.0
Sending keys: ['cat > mathutils/src/mathutils/__init__.py <<\'PY\'\n"""mathutils: tiny math utilities."""\n\nfrom .core import add\n\n__all__ = ["add"]\nPY\n'] min_timeout_sec: 0.1 max_timeout_sec: 180.0
Sending keys: ['cat > mathutils/src/mathutils/core.py <<\'PY\'\ndef add(a, b):\n    """Add two numbers together."""\n    return a + b\nPY\n'] min_timeout_sec: 0.1 max_timeout_sec: 180.0
Sending keys: ['cat > mathutils/pyproject.toml <<\'TOML\'\n[project]\nname = "mathutils"\nversion = "0.1.0"\ndescription = "Tiny math utilities"\nreadme = "README.md"\nrequires-python = ">=3.9"\n\n[build-system]\n# Use uv\'s build backend (PEP 732 editable-build mechanism)\nrequires = ["uv-build"]\nbuild-backend = "uv_build"\nTOML\n'] min_timeout_sec: 0.1 max_timeout_sec: 180.0
Sending keys: ["cat > mathutils/README.md <<'MD'\n# mathutils\n\nA tiny example package.\nMD\n"] min_timeout_sec: 0.1 max_timeout_sec: 180.0
Sending keys: ['cd mathutils\n'] min_timeout_sec: 0.1 max_timeout_sec: 180.0
Sending keys: ['uv venv\n'] min_timeout_sec: 2.0 max_timeout_sec: 180.0
Sending keys: ['source .venv/bin/activate\n'] min_timeout_sec: 0.1 max_timeout_sec: 180.0
Sending keys: ['uv build\n'] min_timeout_sec: 3.0 max_timeout_sec: 180.0
Sending keys: ['uv pip install --editable .\n'] min_timeout_sec: 3.0 max_timeout_sec: 180.0
Sending keys: ['python -c "import mathutils; print(mathutils.add(2, 3))"\n'] min_timeout_sec: 0.5 max_timeout_sec: 180.0
Sending keys: ["perl -0777 -i -pe 's/return a \\+ b/return a + b + 100/' src/mathutils/core.py\n"] min_timeout_sec: 0.1 max_timeout_sec: 180.0
Sending keys: ['python -c "import mathutils; print(mathutils.add(2, 3))"\n'] min_timeout_sec: 0.5 max_timeout_sec: 180.0
Trajectory dumped to /tmp/harbor-runs/job-1769175501-issue-6-resuls-check-add-75ff97-uv-pep732-large-attempt-2/75ff97-uv-pep732-editable__KV3KAMp/agent/trajectory.json
Sending keys: ['ls -la dist\n'] min_timeout_sec: 0.1 max_timeout_sec: 180.0
Sending keys: ["sed -n '1,120p' pyproject.toml\n"] min_timeout_sec: 0.1 max_timeout_sec: 180.0
Sending keys: ["sed -n '1,80p' src/mathutils/core.py\n"] min_timeout_sec: 0.1 max_timeout_sec: 180.0
Trajectory dumped to /tmp/harbor-runs/job-1769175501-issue-6-resuls-check-add-75ff97-uv-pep732-large-attempt-2/75ff97-uv-pep732-editable__KV3KAMp/agent/trajectory.json
Trajectory dumped to /tmp/harbor-runs/job-1769175501-issue-6-resuls-check-add-75ff97-uv-pep732-large-attempt-2/75ff97-uv-pep732-editable__KV3KAMp/agent/trajectory.json
Trajectory dumped to /tmp/harbor-runs/job-1769175501-issue-6-resuls-check-add-75ff97-uv-pep732-large-attempt-2/75ff97-uv-pep732-editable__KV3KAMp/agent/trajectory.json
