Installing: tmux, asciinema
Detected system: {'os': 'debian-based', 'package_manager': 'apt-get', 'update_command': None}
Installing tools using apt-get: DEBIAN_FRONTEND=noninteractive apt-get update && DEBIAN_FRONTEND=noninteractive apt-get install -y tmux asciinema
Starting recording.
Sending keys: ['asciinema rec --stdin /logs/agent/recording.cast', 'Enter'] min_timeout_sec: 1.0 max_timeout_sec: 180.0
Sending keys: ['clear', 'Enter'] min_timeout_sec: 0.0 max_timeout_sec: 180.0
Sending keys: ['cd /app\n'] min_timeout_sec: 0.1 max_timeout_sec: 180.0
Sending keys: ['uv --version\n'] min_timeout_sec: 1.0 max_timeout_sec: 180.0
Sending keys: ['uv init -h\n'] min_timeout_sec: 1.0 max_timeout_sec: 180.0
Sending keys: ['rm -rf /app/mathutils\n'] min_timeout_sec: 0.1 max_timeout_sec: 180.0
Sending keys: ['mkdir -p /app/mathutils\n'] min_timeout_sec: 0.1 max_timeout_sec: 180.0
Sending keys: ['cd /app/mathutils\n'] min_timeout_sec: 0.1 max_timeout_sec: 180.0
Sending keys: ['uv init --lib --name mathutils\n'] min_timeout_sec: 2.0 max_timeout_sec: 180.0
Sending keys: ['ls -la\n'] min_timeout_sec: 0.1 max_timeout_sec: 180.0
Sending keys: ['find . -maxdepth 3 -type f -print\n'] min_timeout_sec: 0.1 max_timeout_sec: 180.0
Sending keys: ['cat pyproject.toml\n'] min_timeout_sec: 0.1 max_timeout_sec: 180.0
Sending keys: ['python3 - <<\'PY\'\nimport pathlib\np = pathlib.Path(\'pyproject.toml\')\ntext = p.read_text()\n# Ensure uv_build backend configuration exists as required by the task.\nif \'build-backend = "uv_build"\' not in text:\n    import re\n    if \'[build-system]\' in text:\n        # Replace any existing build-backend line and ensure uv-build requirement.\n        text = re.sub(r\'(?m)^build-backend\\s*=\\s*"[^"]+"\\s*$\', \'build-backend = "uv_build"\', text)\n        if \'uv-build\' not in text:\n            text = re.sub(r\'(?ms)\\[build-system\\]\\s*\\nrequires\\s*=\\s*\\[(.*?)\\]\', lambda m: \'[build-system]\\nrequires = [\' + (m.group(1).strip() + (\', \' if m.group(1).strip() else \'\') + \'"uv-build"\') + \']\', text)\n    else:\n        text = \'[build-system]\\nrequires = ["uv-build"]\\nbuild-backend = "uv_build"\\n\\n\' + text\np.write_text(text)\nprint(\'Updated pyproject.toml (ensured uv_build backend).\')\nPY\n'] min_timeout_sec: 1.0 max_timeout_sec: 180.0
Sending keys: ['cat pyproject.toml\n'] min_timeout_sec: 0.1 max_timeout_sec: 180.0
Sending keys: ['mkdir -p src/mathutils\n'] min_timeout_sec: 0.1 max_timeout_sec: 180.0
Sending keys: ['cat > src/mathutils/__init__.py <<\'PY\'\n"""mathutils: simple math utilities."""\n\nfrom .core import add\n\n__all__ = ["add"]\nPY\n'] min_timeout_sec: 0.1 max_timeout_sec: 180.0
Sending keys: ['cat > src/mathutils/core.py <<\'PY\'\n"""Core math utility functions."""\n\ndef add(a, b):\n    """Return the sum of two numbers."""\n    return a + b\nPY\n'] min_timeout_sec: 0.1 max_timeout_sec: 180.0
Sending keys: ['uv build\n'] min_timeout_sec: 10.0 max_timeout_sec: 180.0
Sending keys: ['uv venv\n'] min_timeout_sec: 5.0 max_timeout_sec: 180.0
Sending keys: ['uv pip install --python .venv/bin/python --editable .\n'] min_timeout_sec: 10.0 max_timeout_sec: 180.0
Sending keys: ['.venv/bin/python -c "import mathutils; print(\'add(2, 3)=\', mathutils.add(2, 3))"\n'] min_timeout_sec: 1.0 max_timeout_sec: 180.0
Sending keys: ["perl -0777 -i -pe 's/return a \\+ b/return a + b + 100/' src/mathutils/core.py\n"] min_timeout_sec: 0.1 max_timeout_sec: 180.0
Sending keys: ['.venv/bin/python -c "import importlib, mathutils; importlib.reload(mathutils); print(\'add(2, 3)=\', mathutils.add(2, 3))"\n'] min_timeout_sec: 1.0 max_timeout_sec: 180.0
Trajectory dumped to /tmp/harbor-runs/job-1769177424-issue-6-resuls-check-add-75ff97-uv-pep732-large-attempt-3/75ff97-uv-pep732-editable__k4P7Npp/agent/trajectory.json
Trajectory dumped to /tmp/harbor-runs/job-1769177424-issue-6-resuls-check-add-75ff97-uv-pep732-large-attempt-3/75ff97-uv-pep732-editable__k4P7Npp/agent/trajectory.json
Trajectory dumped to /tmp/harbor-runs/job-1769177424-issue-6-resuls-check-add-75ff97-uv-pep732-large-attempt-3/75ff97-uv-pep732-editable__k4P7Npp/agent/trajectory.json
Trajectory dumped to /tmp/harbor-runs/job-1769177424-issue-6-resuls-check-add-75ff97-uv-pep732-large-attempt-3/75ff97-uv-pep732-editable__k4P7Npp/agent/trajectory.json
