Installing: tmux, asciinema
Detected system: {'os': 'debian-based', 'package_manager': 'apt-get', 'update_command': None}
Installing tools using apt-get: DEBIAN_FRONTEND=noninteractive apt-get update && DEBIAN_FRONTEND=noninteractive apt-get install -y tmux asciinema
Starting recording.
Sending keys: ['asciinema rec --stdin /logs/agent/recording.cast', 'Enter'] min_timeout_sec: 1.0 max_timeout_sec: 180.0
Sending keys: ['clear', 'Enter'] min_timeout_sec: 0.0 max_timeout_sec: 180.0
Sending keys: ['cd /app\n'] min_timeout_sec: 0.1 max_timeout_sec: 180.0
Sending keys: ['uv --version\n'] min_timeout_sec: 1.0 max_timeout_sec: 180.0
Sending keys: ['mkdir -p /app/mathutils/src/mathutils\n'] min_timeout_sec: 0.1 max_timeout_sec: 180.0
Sending keys: ['cat > /app/mathutils/pyproject.toml <<\'EOF\'\n[project]\nname = "mathutils"\nversion = "0.1.0"\ndescription = "Small math utilities"\nreadme = "README.md"\nrequires-python = ">=3.9"\n\n[build-system]\nrequires = ["uv-build"]\nbuild-backend = "uv_build"\nEOF\n'] min_timeout_sec: 0.1 max_timeout_sec: 180.0
Sending keys: ["cat > /app/mathutils/README.md <<'EOF'\n# mathutils\n\nA tiny example package.\nEOF\n"] min_timeout_sec: 0.1 max_timeout_sec: 180.0
Sending keys: ['cat > /app/mathutils/src/mathutils/__init__.py <<\'EOF\'\n"""mathutils package."""\n\n\ndef add(a, b):\n    """Add two numbers together."""\n    return a + b\nEOF\n'] min_timeout_sec: 0.1 max_timeout_sec: 180.0
Sending keys: ['cd /app/mathutils\n'] min_timeout_sec: 0.1 max_timeout_sec: 180.0
Sending keys: ['uv venv\n'] min_timeout_sec: 5.0 max_timeout_sec: 180.0
Sending keys: ['source .venv/bin/activate\n'] min_timeout_sec: 0.1 max_timeout_sec: 180.0
Sending keys: ['uv build\n'] min_timeout_sec: 10.0 max_timeout_sec: 180.0
Sending keys: ['uv pip install --editable .\n'] min_timeout_sec: 10.0 max_timeout_sec: 180.0
Sending keys: ['python -c "import mathutils; print(\'add(2, 3)=\', mathutils.add(2, 3))"\n'] min_timeout_sec: 0.5 max_timeout_sec: 180.0
Sending keys: ['python -c "import mathutils, inspect; print(\'mathutils from:\', mathutils.__file__); print(\'add source:\', inspect.getsource(mathutils.add).strip())"\n'] min_timeout_sec: 0.5 max_timeout_sec: 180.0
Sending keys: ['cat > /app/mathutils/src/mathutils/__init__.py <<\'EOF\'\n"""mathutils package."""\n\n\ndef add(a, b):\n    """Add two numbers together (edited)."""\n    return (a + b) + 1000\nEOF\n'] min_timeout_sec: 0.1 max_timeout_sec: 180.0
Sending keys: ['python -c "import importlib, mathutils; importlib.reload(mathutils); print(\'after edit add(2, 3)=\', mathutils.add(2, 3))"\n'] min_timeout_sec: 0.5 max_timeout_sec: 180.0
Trajectory dumped to /tmp/harbor-runs/job-1769177424-issue-6-resuls-check-add-75ff97-uv-pep732-large-attempt-1/75ff97-uv-pep732-editable__WtACeT4/agent/trajectory.json
Trajectory dumped to /tmp/harbor-runs/job-1769177424-issue-6-resuls-check-add-75ff97-uv-pep732-large-attempt-1/75ff97-uv-pep732-editable__WtACeT4/agent/trajectory.json
Trajectory dumped to /tmp/harbor-runs/job-1769177424-issue-6-resuls-check-add-75ff97-uv-pep732-large-attempt-1/75ff97-uv-pep732-editable__WtACeT4/agent/trajectory.json
