Trial 75ff97-uv-pep732-editable__Ji3ha5N failed: Docker compose command failed for environment 75ff97-uv-pep732-editable. Command: docker compose -p 75ff97-uv-pep732-editable__ji3ha5n -f /app/.venv/lib/python3.13/site-packages/harbor/environments/docker/docker-compose-build.yaml build. Return code: 1. Stdout:  Image hb__75ff97-uv-pep732-editable Building 
#1 [internal] load local bake definitions
#1 reading from stdin 764B done
#1 DONE 0.0s

#2 [internal] load build definition from Dockerfile
#2 transferring dockerfile: 142B done
#2 DONE 0.0s

#3 [internal] load metadata for docker.io/library/python:3.13-slim-bookworm
#3 DONE 0.4s

#4 [internal] load .dockerignore
#4 transferring context: 2B done
#4 DONE 0.0s

#5 [1/3] FROM docker.io/library/python:3.13-slim-bookworm@sha256:97e9392d12279f8c180eb80f0c7c0f3dfe5650f0f2573f7ad770aea58f75ed12
#5 resolve docker.io/library/python:3.13-slim-bookworm@sha256:97e9392d12279f8c180eb80f0c7c0f3dfe5650f0f2573f7ad770aea58f75ed12 0.0s done
#5 DONE 0.1s

#5 [1/3] FROM docker.io/library/python:3.13-slim-bookworm@sha256:97e9392d12279f8c180eb80f0c7c0f3dfe5650f0f2573f7ad770aea58f75ed12
#5 sha256:5c2c99400009db0a536c948ce481ad7c8770d618d2a02bd51634e159dc19a994 249B / 249B 0.1s done
#5 sha256:b6e251ce53ea14cc8487e5a54a793047e724e05e410fcb66d5f4049dd24d6edf 1.05MB / 12.47MB 0.2s
#5 sha256:c02d17997ce3d2c82e082235ea0b5152d06ee659c4e2fabcf1e0079312f1bcde 0B / 28.23MB 0.2s
#5 sha256:147314ac1e23d3422a662100976c683827a79bfea1e874c22021a230897007c1 0B / 3.52MB 0.2s
#5 sha256:b6e251ce53ea14cc8487e5a54a793047e724e05e410fcb66d5f4049dd24d6edf 10.49MB / 12.47MB 0.3s
#5 sha256:b6e251ce53ea14cc8487e5a54a793047e724e05e410fcb66d5f4049dd24d6edf 12.47MB / 12.47MB 0.3s done
#5 sha256:c02d17997ce3d2c82e082235ea0b5152d06ee659c4e2fabcf1e0079312f1bcde 11.53MB / 28.23MB 0.5s
#5 sha256:147314ac1e23d3422a662100976c683827a79bfea1e874c22021a230897007c1 2.10MB / 3.52MB 0.3s
#5 sha256:c02d17997ce3d2c82e082235ea0b5152d06ee659c4e2fabcf1e0079312f1bcde 15.73MB / 28.23MB 0.6s
#5 sha256:147314ac1e23d3422a662100976c683827a79bfea1e874c22021a230897007c1 3.52MB / 3.52MB 0.4s done
#5 sha256:c02d17997ce3d2c82e082235ea0b5152d06ee659c4e2fabcf1e0079312f1bcde 22.02MB / 28.23MB 0.8s
#5 sha256:c02d17997ce3d2c82e082235ea0b5152d06ee659c4e2fabcf1e0079312f1bcde 27.26MB / 28.23MB 0.9s
#5 sha256:c02d17997ce3d2c82e082235ea0b5152d06ee659c4e2fabcf1e0079312f1bcde 28.23MB / 28.23MB 2.4s done
#5 extracting sha256:c02d17997ce3d2c82e082235ea0b5152d06ee659c4e2fabcf1e0079312f1bcde
#5 extracting sha256:c02d17997ce3d2c82e082235ea0b5152d06ee659c4e2fabcf1e0079312f1bcde 1.0s done
#5 DONE 3.5s

#5 [1/3] FROM docker.io/library/python:3.13-slim-bookworm@sha256:97e9392d12279f8c180eb80f0c7c0f3dfe5650f0f2573f7ad770aea58f75ed12
#5 extracting sha256:147314ac1e23d3422a662100976c683827a79bfea1e874c22021a230897007c1
#5 extracting sha256:147314ac1e23d3422a662100976c683827a79bfea1e874c22021a230897007c1 0.2s done
#5 DONE 3.7s

#5 [1/3] FROM docker.io/library/python:3.13-slim-bookworm@sha256:97e9392d12279f8c180eb80f0c7c0f3dfe5650f0f2573f7ad770aea58f75ed12
#5 extracting sha256:b6e251ce53ea14cc8487e5a54a793047e724e05e410fcb66d5f4049dd24d6edf
#5 extracting sha256:b6e251ce53ea14cc8487e5a54a793047e724e05e410fcb66d5f4049dd24d6edf 0.5s done
#5 DONE 4.2s

#5 [1/3] FROM docker.io/library/python:3.13-slim-bookworm@sha256:97e9392d12279f8c180eb80f0c7c0f3dfe5650f0f2573f7ad770aea58f75ed12
#5 extracting sha256:5c2c99400009db0a536c948ce481ad7c8770d618d2a02bd51634e159dc19a994 0.0s done
#5 DONE 4.2s

#6 [2/3] WORKDIR /app
#6 DONE 0.3s

#7 [3/3] RUN pip install pytest==8.4.2 uv==0.7.20 uv_build==0.7.20
#7 2.762 Collecting pytest==8.4.2
#7 2.907   Downloading pytest-8.4.2-py3-none-any.whl.metadata (7.7 kB)
#7 3.328 Collecting uv==0.7.20
#7 3.349   Downloading uv-0.7.20-py3-none-manylinux_2_17_x86_64.manylinux2014_x86_64.whl.metadata (11 kB)
#7 3.525 Collecting uv_build==0.7.20
#7 4.206   Downloading uv_build-0.7.20-py3-none-manylinux_2_17_x86_64.manylinux2014_x86_64.whl.metadata (1.8 kB)
#7 4.249 Collecting iniconfig>=1 (from pytest==8.4.2)
#7 4.271   Downloading iniconfig-2.3.0-py3-none-any.whl.metadata (2.5 kB)
#7 4.325 Collecting packaging>=20 (from pytest==8.4.2)
#7 4.347   Downloading packaging-26.0-py3-none-any.whl.metadata (3.3 kB)
#7 4.391 Collecting pluggy<2,>=1.5 (from pytest==8.4.2)
#7 4.413   Downloading pluggy-1.6.0-py3-none-any.whl.metadata (4.8 kB)
#7 4.482 Collecting pygments>=2.7.2 (from pytest==8.4.2)
#7 4.505   Downloading pygments-2.19.2-py3-none-any.whl.metadata (2.5 kB)
#7 4.544 Downloading pytest-8.4.2-py3-none-any.whl (365 kB)
#7 4.628 Downloading uv-0.7.20-py3-none-manylinux_2_17_x86_64.manylinux2014_x86_64.whl (18.4 MB)
#7 4.808    ━━━━━━━━━━━━━━━━━━━━━━━━━━━━━━━━━━━━━━━━ 18.4/18.4 MB 104.9 MB/s  0:00:00
#7 4.853 Downloading uv_build-0.7.20-py3-none-manylinux_2_17_x86_64.manylinux2014_x86_64.whl (1.4 MB)
#7 4.892    ━━━━━━━━━━━━━━━━━━━━━━━━━━━━━━━━━━━━━━━━ 1.4/1.4 MB 35.7 MB/s  0:00:00
#7 4.914 Downloading pluggy-1.6.0-py3-none-any.whl (20 kB)
#7 4.942 Downloading iniconfig-2.3.0-py3-none-any.whl (7.5 kB)
#7 4.972 Downloading packaging-26.0-py3-none-any.whl (74 kB)
#7 5.001 Downloading pygments-2.19.2-py3-none-any.whl (1.2 MB)
#7 5.023    ━━━━━━━━━━━━━━━━━━━━━━━━━━━━━━━━━━━━━━━━ 1.2/1.2 MB 61.7 MB/s  0:00:00
#7 5.097 Installing collected packages: uv_build, uv, pygments, pluggy, packaging, iniconfig, pytest
#7 6.895 
#7 6.898 Successfully installed iniconfig-2.3.0 packaging-26.0 pluggy-1.6.0 pygments-2.19.2 pytest-8.4.2 uv-0.7.20 uv_build-0.7.20
#7 6.898 WARNING: Running pip as the 'root' user can result in broken permissions and conflicting behaviour with the system package manager, possibly rendering your system unusable. It is recommended to use a virtual environment instead: https://pip.pypa.io/warnings/venv. Use the --root-user-action option if you know what you are doing and want to suppress this warning.
#7 DONE 7.4s

#8 exporting to image
#8 exporting layers
#8 exporting layers 7.1s done
#8 exporting manifest sha256:ab8d8dc0fdd2509ce2c6b2a9941d6e3029533882a0441303bbf1fc4d6c05afd1 0.0s done
#8 exporting config sha256:9698cfbaa739c7f77d0c3b1e73a8ff3649648c84c8a70450222671ed92811993 0.0s done
#8 exporting attestation manifest sha256:4224823ff152c923cdcb2943cafe46a23f8166f7606fe5cd2ebdf0d98096a28c 0.1s done
#8 exporting manifest list sha256:56af52045989beb975d9830bc7522b998564be13634a547e409e28020320bbe3
#8 exporting manifest list sha256:56af52045989beb975d9830bc7522b998564be13634a547e409e28020320bbe3 0.0s done
#8 naming to docker.io/library/hb__75ff97-uv-pep732-editable:latest done
#8 ERROR: image "docker.io/library/hb__75ff97-uv-pep732-editable:latest": already exists
------
 > exporting to image:
------
failed to solve: image "docker.io/library/hb__75ff97-uv-pep732-editable:latest": already exists

. Stderr: None. 
Not retrying trial because the maximum number of retries has been reached
